// Jest Snapshot v1, https://goo.gl/fbAQLP

exports[`<Button /> Should render correctly 1`] = `
<button
  aria-label={null}
  className="btn btn-secondary"
  onClick={[Function]}
/>
`;

exports[`<CustomButton /> Button should render correctly 1`] = `
<button
  aria-label={null}
  className="btn btn-secondary"
  onClick={[Function]}
/>
`;

exports[`<CustomButton /> Should render correctly 1`] = `
<button
  aria-label={null}
  className="btn btn-secondary"
  onClick={[Function]}
/>
`;

exports[`<CustomButton /> renders correctly 1`] = `
<button
  aria-label={null}
  className="btn btn-secondary"
  onClick={[Function]}
/>
`;

exports[`<CustomButton /> should render correctly 1`] = `
<button
  aria-label={null}
  className="btn btn-secondary"
  onClick={[Function]}
/>
`;
