// Jest Snapshot v1, https://goo.gl/fbAQLP

exports[`<CustomRadio /> renders correctly 1`] = `
<div
  className="form-check-radio position-relative form-check"
>
  <label
    className="form-check-label"
  >
    <input
      className="form-check-input"
      type="radio"
    />
    <span
      className="form-check-sign"
    />
    
  </label>
</div>
`;

exports[`<CustomRadio /> should render correctly 1`] = `
<div
  className="form-check-radio position-relative form-check"
>
  <label
    className="form-check-label"
  >
    <input
      className="form-check-input"
      type="radio"
    />
    <span
      className="form-check-sign"
    />
    
  </label>
</div>
`;
